../Core/Src/main.c:89:6:send_deftask	8	static
../Core/Src/main.c:94:6:send_task2	8	static
../Core/Src/main.c:99:6:send_task3	8	static
../Core/Src/main.c:110:5:main	8	static
../Core/Src/main.c:195:6:SystemClock_Config	96	static
../Core/Src/main.c:246:13:MX_USART2_UART_Init	8	static
../Core/Src/main.c:281:13:MX_GPIO_Init	40	static
../Core/Src/main.c:322:6:StartDefaultTask	16	static
../Core/Src/main.c:341:6:Task2_init	16	static
../Core/Src/main.c:353:6:Task3_init	16	static
../Core/Src/main.c:370:6:HAL_TIM_PeriodElapsedCallback	16	static
../Core/Src/main.c:387:6:Error_Handler	4	static,ignoring_inline_asm
